// Jest Snapshot v1, https://goo.gl/fbAQLP

exports[`Card matches the snapshot 1`] = `
<div
  className="card"
>
  <h3 />
  <div>
    <button>
      Favs
    </button>
  </div>
  <ul>
    <li>
      pop
    </li>
  </ul>
</div>
`;
