// Jest Snapshot v1, https://goo.gl/fbAQLP

exports[`Scroll should match the snapshot 1`] = `
<section
  className="scroll-container"
>
  <CardContainer />
  <Crawl>
    <p />
    <h3 />
    <h4 />
  </Crawl>
</section>
`;
