// Jest Snapshot v1, https://goo.gl/fbAQLP

exports[`App matches the snapshot 1`] = `
<div
  className="App"
>
  <header
    className="App-header"
  >
    SWAPI BOX
  </header>
  <Button />
  <CardContainer />
</div>
`;
