// Jest Snapshot v1, https://goo.gl/fbAQLP

exports[`CardContainer matches the snapshot 1`] = `
<section
  className="card-container"
>
  <Card />
  <Card />
  <Card />
  <Card />
  <Card />
  <Card />
  <Card />
  <Card />
</section>
`;
