// Jest Snapshot v1, https://goo.gl/fbAQLP

exports[`ErrorHandler matches the snapshot 1`] = `""`;
